npm notice run bil@0.0.0 build
npm notice run tsc -b && vite build
[36mvite v8.2.2 [32mbuilding client environment for production...[36m[39m
transforming...
✓ 3314 modules transformed.
rendering chunks...
computing gzip size...
dist/index.html                              0.45 kB │ gzip:   0.29 kB
dist/assets/firstcomment-Chdn6aXh.jpg       28.32 kB
dist/assets/studyroom-CqByGhQX.jpg         119.83 kB
dist/assets/feedtechnology-DOEoZvqF.png    229.92 kB
dist/assets/Art-4kspIve2.png             1,238.84 kB
dist/assets/woman-DdzYWZON.png           1,479.38 kB
dist/assets/hand-tGonsJAx.png            1,629.77 kB
dist/assets/walls-BOILNNXP.png           1,774.15 kB
dist/assets/index-CLx-3m_U.css              59.27 kB │ gzip:  10.62 kB
dist/assets/index-3d-8h6DZ.js              824.41 kB │ gzip: 247.46 kB

[32m✓ built in 20.41s[39m
[33m[plugin builtin:vite-reporter] 
(!) Some chunks are larger than 500 kB after minification. Consider:
- Using dynamic import() to code-split the application
- Use build.rolldownOptions.output.codeSplitting to improve chunking: https://rolldown.rs/reference/OutputOptions.codeSplitting
- Adjust chunk size limit for this warning via build.chunkSizeWarningLimit.[39m
[33m[33m[PLUGIN_TIMINGS] [0mYour build spent 53% of 20.4s inside plugin hooks (10.8s).
Measured inside the callback, so queue time is excluded and time the callback itself awaited is not:
  - @rolldown/plugin-babel transform (43%, 8.8s, 35 calls)
  - vite:build-html transform (19%, 3.9s, 1 call)
  - vite:css transform (6%, 1.1s, 2 calls)
Those rows are 67% of the build; the rest of the 53% is below.
Not measurable — 1 hook whose calls overlap, so elapsed time covers work other calls were doing. Profile with `node --cpu-prof`:
  - vite:asset load (7 calls)
See https://rolldown.rs/reference/InputOptions.checks#plugintimings for more details.
[39m
